<html>
<body>
<pre>
<h1>µVision Build Log</h1>
<h2>Tool Versions:</h2>
IDE-Version: ¦ÌVision V5.32.0.0
Copyright (C) 2020 ARM Ltd and ARM Germany GmbH. All rights reserved.
License Information: GFRYHRG 8615141415959, RTHR, LIC=GMZI6-DBECY-FW12N-Y44SL-GU9XV-BX415
 
Tool Versions:
Toolchain:       MDK-ARM Plus  Version: 5.32.0.0
Toolchain Path:  E:\KEIL5\ARM\ARMCC\Bin
C Compiler:      Armcc.exe V5.06 update 7 (build 960)
Assembler:       Armasm.exe V5.06 update 7 (build 960)
Linker/Locator:  ArmLink.exe V5.06 update 7 (build 960)
Library Manager: ArmAr.exe V5.06 update 7 (build 960)
Hex Converter:   FromElf.exe V5.06 update 7 (build 960)
CPU DLL:         SARMCM3.DLL V5.32.0.0
Dialog DLL:      DCM.DLL V1.17.3.0
Target DLL:      STLink\ST-LINKIII-KEIL_SWO.dll V3.0.8.0
Dialog DLL:      TCM.DLL V1.46.0.0
 
<h2>Project:</h2>
C:\Users\86151\Desktop\elab_power - H\elab_power\mcu_keil\STM32F334R8PIC\untitle\project\Project.uvprojx
Project File Date:  07/21/2023

<h2>Output:</h2>
*** Using Compiler 'V5.06 update 7 (build 960)', folder: 'E:\KEIL5\ARM\ARMCC\Bin'
Build target 'stm32f334'
compiling stm32f30x_wwdg.c...
compiling power_meas_sine_analyzer.c...
compiling stm32f30x_pwr.c...
compiling main.c...
compiling oled.c...
compiling SVPWM_CTR.c...
compiling spll_1ph_sogi.c...
compiling dr_led.c...
compiling key.c...
compiling my_board.c...
..\cntl_lib_yyds\my_board.c(551): warning:  #1035-D: single-precision operand implicitly converted to double-precision
      uint32 PWM_per = 1152e6 / fre;
..\cntl_lib_yyds\my_board.c: 1 warning, 0 errors
linking...
Program Size: Code=9706 RO-data=2498 RW-data=108 ZI-data=4180  
FromELF: creating hex file...
".\Objects\yyds.axf" - 0 Error(s), 1 Warning(s).

<h2>Software Packages used:</h2>

Package Vendor: Keil
                http://www.keil.com/pack/Keil.STM32F3xx_DFP.2.2.2.pack
                Keil.STM32F3xx_DFP.2.2.2
                STMicroelectronics STM32F3 Series Device Support and Examples

<h2>Collection of Component include folders:</h2>
  E:\KEIL5\Keil\STM32F3xx_DFP\2.2.2\Drivers\CMSIS\Device\ST\STM32F3xx\Include

<h2>Collection of Component Files used:</h2>
Build Time Elapsed:  00:00:01
</pre>
</body>
</html>
