<!doctype html public "-//w3c//dtd html 4.0 transitional//en">
<html><head>
<title>Static Call Graph - [.\Objects\yyds.axf]</title></head>
<body><HR>
<H1>Static Call Graph for image .\Objects\yyds.axf</H1><HR>
<BR><P>#&#060CALLGRAPH&#062# ARM Linker, 5060960: Last Updated: Fri May 31 15:38:03 2024
<BR><P>
<H3>Maximum Stack Usage =        312 bytes + Unknown(Cycles, Untraceable Function Pointers)</H3><H3>
Call chain for Maximum Stack Depth:</H3>
main &rArr; my_board_init &rArr; my_pwm_init &rArr; __aeabi_dmul &rArr; _double_epilogue &rArr; _double_round
<P>
<H3>
Mutually Recursive functions
</H3> <LI><a href="#[1c]">ADC1_2_IRQHandler</a>&nbsp;&nbsp;&nbsp;&rArr;&nbsp;&nbsp;&nbsp;<a href="#[1c]">ADC1_2_IRQHandler</a><BR>
</UL>
<P>
<H3>
Function Pointers
</H3><UL>
 <LI><a href="#[1c]">ADC1_2_IRQHandler</a> from startup_stm32f334x8.o(.text) referenced from startup_stm32f334x8.o(RESET)
 <LI><a href="#[4]">BusFault_Handler</a> from stm32f3xx_it.o(i.BusFault_Handler) referenced from startup_stm32f334x8.o(RESET)
 <LI><a href="#[1e]">CAN1_RX0_IRQHandler</a> from startup_stm32f334x8.o(.text) referenced from startup_stm32f334x8.o(RESET)
 <LI><a href="#[1f]">CAN1_RX1_IRQHandler</a> from startup_stm32f334x8.o(.text) referenced from startup_stm32f334x8.o(RESET)
 <LI><a href="#[20]">CAN1_SCE_IRQHandler</a> from startup_stm32f334x8.o(.text) referenced from startup_stm32f334x8.o(RESET)
 <LI><a href="#[1d]">CAN1_TX_IRQHandler</a> from startup_stm32f334x8.o(.text) referenced from startup_stm32f334x8.o(RESET)
 <LI><a href="#[32]">COMP2_IRQHandler</a> from startup_stm32f334x8.o(.text) referenced from startup_stm32f334x8.o(RESET)
 <LI><a href="#[33]">COMP4_6_IRQHandler</a> from startup_stm32f334x8.o(.text) referenced from startup_stm32f334x8.o(RESET)
 <LI><a href="#[15]">DMA1_Channel1_IRQHandler</a> from startup_stm32f334x8.o(.text) referenced from startup_stm32f334x8.o(RESET)
 <LI><a href="#[16]">DMA1_Channel2_IRQHandler</a> from startup_stm32f334x8.o(.text) referenced from startup_stm32f334x8.o(RESET)
 <LI><a href="#[17]">DMA1_Channel3_IRQHandler</a> from startup_stm32f334x8.o(.text) referenced from startup_stm32f334x8.o(RESET)
 <LI><a href="#[18]">DMA1_Channel4_IRQHandler</a> from startup_stm32f334x8.o(.text) referenced from startup_stm32f334x8.o(RESET)
 <LI><a href="#[19]">DMA1_Channel5_IRQHandler</a> from startup_stm32f334x8.o(.text) referenced from startup_stm32f334x8.o(RESET)
 <LI><a href="#[1a]">DMA1_Channel6_IRQHandler</a> from startup_stm32f334x8.o(.text) referenced from startup_stm32f334x8.o(RESET)
 <LI><a href="#[1b]">DMA1_Channel7_IRQHandler</a> from startup_stm32f334x8.o(.text) referenced from startup_stm32f334x8.o(RESET)
 <LI><a href="#[7]">DebugMon_Handler</a> from stm32f3xx_it.o(i.DebugMon_Handler) referenced from startup_stm32f334x8.o(RESET)
 <LI><a href="#[10]">EXTI0_IRQHandler</a> from stm32f3xx_it.o(i.EXTI0_IRQHandler) referenced from startup_stm32f334x8.o(RESET)
 <LI><a href="#[2e]">EXTI15_10_IRQHandler</a> from startup_stm32f334x8.o(.text) referenced from startup_stm32f334x8.o(RESET)
 <LI><a href="#[11]">EXTI1_IRQHandler</a> from startup_stm32f334x8.o(.text) referenced from startup_stm32f334x8.o(RESET)
 <LI><a href="#[12]">EXTI2_TS_IRQHandler</a> from startup_stm32f334x8.o(.text) referenced from startup_stm32f334x8.o(RESET)
 <LI><a href="#[13]">EXTI3_IRQHandler</a> from startup_stm32f334x8.o(.text) referenced from startup_stm32f334x8.o(RESET)
 <LI><a href="#[14]">EXTI4_IRQHandler</a> from startup_stm32f334x8.o(.text) referenced from startup_stm32f334x8.o(RESET)
 <LI><a href="#[21]">EXTI9_5_IRQHandler</a> from startup_stm32f334x8.o(.text) referenced from startup_stm32f334x8.o(RESET)
 <LI><a href="#[e]">FLASH_IRQHandler</a> from startup_stm32f334x8.o(.text) referenced from startup_stm32f334x8.o(RESET)
 <LI><a href="#[3b]">FPU_IRQHandler</a> from startup_stm32f334x8.o(.text) referenced from startup_stm32f334x8.o(RESET)
 <LI><a href="#[3a]">HRTIM1_FLT_IRQHandler</a> from startup_stm32f334x8.o(.text) referenced from startup_stm32f334x8.o(RESET)
 <LI><a href="#[34]">HRTIM1_Master_IRQHandler</a> from main.o(i.HRTIM1_Master_IRQHandler) referenced from startup_stm32f334x8.o(RESET)
 <LI><a href="#[35]">HRTIM1_TIMA_IRQHandler</a> from startup_stm32f334x8.o(.text) referenced from startup_stm32f334x8.o(RESET)
 <LI><a href="#[36]">HRTIM1_TIMB_IRQHandler</a> from startup_stm32f334x8.o(.text) referenced from startup_stm32f334x8.o(RESET)
 <LI><a href="#[37]">HRTIM1_TIMC_IRQHandler</a> from startup_stm32f334x8.o(.text) referenced from startup_stm32f334x8.o(RESET)
 <LI><a href="#[38]">HRTIM1_TIMD_IRQHandler</a> from startup_stm32f334x8.o(.text) referenced from startup_stm32f334x8.o(RESET)
 <LI><a href="#[39]">HRTIM1_TIME_IRQHandler</a> from startup_stm32f334x8.o(.text) referenced from startup_stm32f334x8.o(RESET)
 <LI><a href="#[2]">HardFault_Handler</a> from stm32f3xx_it.o(i.HardFault_Handler) referenced from startup_stm32f334x8.o(RESET)
 <LI><a href="#[29]">I2C1_ER_IRQHandler</a> from startup_stm32f334x8.o(.text) referenced from startup_stm32f334x8.o(RESET)
 <LI><a href="#[28]">I2C1_EV_IRQHandler</a> from startup_stm32f334x8.o(.text) referenced from startup_stm32f334x8.o(RESET)
 <LI><a href="#[3]">MemManage_Handler</a> from stm32f3xx_it.o(i.MemManage_Handler) referenced from startup_stm32f334x8.o(RESET)
 <LI><a href="#[1]">NMI_Handler</a> from stm32f3xx_it.o(i.NMI_Handler) referenced from startup_stm32f334x8.o(RESET)
 <LI><a href="#[b]">PVD_IRQHandler</a> from startup_stm32f334x8.o(.text) referenced from startup_stm32f334x8.o(RESET)
 <LI><a href="#[8]">PendSV_Handler</a> from stm32f3xx_it.o(i.PendSV_Handler) referenced from startup_stm32f334x8.o(RESET)
 <LI><a href="#[f]">RCC_IRQHandler</a> from startup_stm32f334x8.o(.text) referenced from startup_stm32f334x8.o(RESET)
 <LI><a href="#[2f]">RTC_Alarm_IRQHandler</a> from startup_stm32f334x8.o(.text) referenced from startup_stm32f334x8.o(RESET)
 <LI><a href="#[d]">RTC_WKUP_IRQHandler</a> from startup_stm32f334x8.o(.text) referenced from startup_stm32f334x8.o(RESET)
 <LI><a href="#[0]">Reset_Handler</a> from startup_stm32f334x8.o(.text) referenced from startup_stm32f334x8.o(RESET)
 <LI><a href="#[2a]">SPI1_IRQHandler</a> from startup_stm32f334x8.o(.text) referenced from startup_stm32f334x8.o(RESET)
 <LI><a href="#[6]">SVC_Handler</a> from stm32f3xx_it.o(i.SVC_Handler) referenced from startup_stm32f334x8.o(RESET)
 <LI><a href="#[9]">SysTick_Handler</a> from stm32f3xx_it.o(i.SysTick_Handler) referenced from startup_stm32f334x8.o(RESET)
 <LI><a href="#[3d]">SystemInit</a> from system_stm32f30x.o(i.SystemInit) referenced from startup_stm32f334x8.o(.text)
 <LI><a href="#[c]">TAMPER_STAMP_IRQHandler</a> from startup_stm32f334x8.o(.text) referenced from startup_stm32f334x8.o(RESET)
 <LI><a href="#[22]">TIM1_BRK_TIM15_IRQHandler</a> from startup_stm32f334x8.o(.text) referenced from startup_stm32f334x8.o(RESET)
 <LI><a href="#[25]">TIM1_CC_IRQHandler</a> from startup_stm32f334x8.o(.text) referenced from startup_stm32f334x8.o(RESET)
 <LI><a href="#[24]">TIM1_TRG_COM_TIM17_IRQHandler</a> from startup_stm32f334x8.o(.text) referenced from startup_stm32f334x8.o(RESET)
 <LI><a href="#[23]">TIM1_UP_TIM16_IRQHandler</a> from startup_stm32f334x8.o(.text) referenced from startup_stm32f334x8.o(RESET)
 <LI><a href="#[26]">TIM2_IRQHandler</a> from startup_stm32f334x8.o(.text) referenced from startup_stm32f334x8.o(RESET)
 <LI><a href="#[27]">TIM3_IRQHandler</a> from startup_stm32f334x8.o(.text) referenced from startup_stm32f334x8.o(RESET)
 <LI><a href="#[30]">TIM6_DAC1_IRQHandler</a> from startup_stm32f334x8.o(.text) referenced from startup_stm32f334x8.o(RESET)
 <LI><a href="#[31]">TIM7_DAC2_IRQHandler</a> from startup_stm32f334x8.o(.text) referenced from startup_stm32f334x8.o(RESET)
 <LI><a href="#[2b]">USART1_IRQHandler</a> from startup_stm32f334x8.o(.text) referenced from startup_stm32f334x8.o(RESET)
 <LI><a href="#[2c]">USART2_IRQHandler</a> from startup_stm32f334x8.o(.text) referenced from startup_stm32f334x8.o(RESET)
 <LI><a href="#[2d]">USART3_IRQHandler</a> from startup_stm32f334x8.o(.text) referenced from startup_stm32f334x8.o(RESET)
 <LI><a href="#[5]">UsageFault_Handler</a> from stm32f3xx_it.o(i.UsageFault_Handler) referenced from startup_stm32f334x8.o(RESET)
 <LI><a href="#[a]">WWDG_IRQHandler</a> from startup_stm32f334x8.o(.text) referenced from startup_stm32f334x8.o(RESET)
 <LI><a href="#[3e]">__main</a> from entry.o(.ARM.Collect$$$$00000000) referenced from startup_stm32f334x8.o(.text)
 <LI><a href="#[3c]">main</a> from my_board.o(i.main) referenced from entry9a.o(.ARM.Collect$$$$0000000B)
</UL>
<P>
<H3>
Global Symbols
</H3>
<P><STRONG><a name="[3e]"></a>__main</STRONG> (Thumb, 0 bytes, Stack size unknown bytes, entry.o(.ARM.Collect$$$$00000000))
<BR>[Address Reference Count : 1]<UL><LI> startup_stm32f334x8.o(.text)
</UL>
<P><STRONG><a name="[9f]"></a>_main_stk</STRONG> (Thumb, 0 bytes, Stack size unknown bytes, entry2.o(.ARM.Collect$$$$00000001))

<P><STRONG><a name="[3f]"></a>_main_scatterload</STRONG> (Thumb, 0 bytes, Stack size unknown bytes, entry5.o(.ARM.Collect$$$$00000004))
<BR><BR>[Calls]<UL><LI><a href="#[40]">&gt;&gt;</a>&nbsp;&nbsp;&nbsp;__scatterload
</UL>

<P><STRONG><a name="[4b]"></a>__main_after_scatterload</STRONG> (Thumb, 0 bytes, Stack size unknown bytes, entry5.o(.ARM.Collect$$$$00000004))
<BR><BR>[Called By]<UL><LI><a href="#[40]">&gt;&gt;</a>&nbsp;&nbsp;&nbsp;__scatterload
</UL>

<P><STRONG><a name="[a0]"></a>_main_clock</STRONG> (Thumb, 0 bytes, Stack size unknown bytes, entry7b.o(.ARM.Collect$$$$00000008))

<P><STRONG><a name="[a1]"></a>_main_cpp_init</STRONG> (Thumb, 0 bytes, Stack size unknown bytes, entry8b.o(.ARM.Collect$$$$0000000A))

<P><STRONG><a name="[a2]"></a>_main_init</STRONG> (Thumb, 0 bytes, Stack size unknown bytes, entry9a.o(.ARM.Collect$$$$0000000B))

<P><STRONG><a name="[a3]"></a>__rt_lib_shutdown_fini</STRONG> (Thumb, 0 bytes, Stack size unknown bytes, entry12b.o(.ARM.Collect$$$$0000000E))

<P><STRONG><a name="[a4]"></a>__rt_final_cpp</STRONG> (Thumb, 0 bytes, Stack size unknown bytes, entry10a.o(.ARM.Collect$$$$0000000F))

<P><STRONG><a name="[a5]"></a>__rt_final_exit</STRONG> (Thumb, 0 bytes, Stack size unknown bytes, entry11a.o(.ARM.Collect$$$$00000011))

<P><STRONG><a name="[0]"></a>Reset_Handler</STRONG> (Thumb, 8 bytes, Stack size 0 bytes, startup_stm32f334x8.o(.text))
<BR>[Address Reference Count : 1]<UL><LI> startup_stm32f334x8.o(RESET)
</UL>
<P><STRONG><a name="[1c]"></a>ADC1_2_IRQHandler</STRONG> (Thumb, 0 bytes, Stack size 0 bytes, startup_stm32f334x8.o(.text))
<BR><BR>[Calls]<UL><LI><a href="#[1c]">&gt;&gt;</a>&nbsp;&nbsp;&nbsp;ADC1_2_IRQHandler
</UL>
<BR>[Called By]<UL><LI><a href="#[1c]">&gt;&gt;</a>&nbsp;&nbsp;&nbsp;ADC1_2_IRQHandler
</UL>
<BR>[Address Reference Count : 1]<UL><LI> startup_stm32f334x8.o(RESET)
</UL>
<P><STRONG><a name="[1e]"></a>CAN1_RX0_IRQHandler</STRONG> (Thumb, 0 bytes, Stack size 0 bytes, startup_stm32f334x8.o(.text))
<BR>[Address Reference Count : 1]<UL><LI> startup_stm32f334x8.o(RESET)
</UL>
<P><STRONG><a name="[1f]"></a>CAN1_RX1_IRQHandler</STRONG> (Thumb, 0 bytes, Stack size 0 bytes, startup_stm32f334x8.o(.text))
<BR>[Address Reference Count : 1]<UL><LI> startup_stm32f334x8.o(RESET)
</UL>
<P><STRONG><a name="[20]"></a>CAN1_SCE_IRQHandler</STRONG> (Thumb, 0 bytes, Stack size 0 bytes, startup_stm32f334x8.o(.text))
<BR>[Address Reference Count : 1]<UL><LI> startup_stm32f334x8.o(RESET)
</UL>
<P><STRONG><a name="[1d]"></a>CAN1_TX_IRQHandler</STRONG> (Thumb, 0 bytes, Stack size 0 bytes, startup_stm32f334x8.o(.text))
<BR>[Address Reference Count : 1]<UL><LI> startup_stm32f334x8.o(RESET)
</UL>
<P><STRONG><a name="[32]"></a>COMP2_IRQHandler</STRONG> (Thumb, 0 bytes, Stack size 0 bytes, startup_stm32f334x8.o(.text))
<BR>[Address Reference Count : 1]<UL><LI> startup_stm32f334x8.o(RESET)
</UL>
<P><STRONG><a name="[33]"></a>COMP4_6_IRQHandler</STRONG> (Thumb, 0 bytes, Stack size 0 bytes, startup_stm32f334x8.o(.text))
<BR>[Address Reference Count : 1]<UL><LI> startup_stm32f334x8.o(RESET)
</UL>
<P><STRONG><a name="[15]"></a>DMA1_Channel1_IRQHandler</STRONG> (Thumb, 0 bytes, Stack size 0 bytes, startup_stm32f334x8.o(.text))
<BR>[Address Reference Count : 1]<UL><LI> startup_stm32f334x8.o(RESET)
</UL>
<P><STRONG><a name="[16]"></a>DMA1_Channel2_IRQHandler</STRONG> (Thumb, 0 bytes, Stack size 0 bytes, startup_stm32f334x8.o(.text))
<BR>[Address Reference Count : 1]<UL><LI> startup_stm32f334x8.o(RESET)
</UL>
<P><STRONG><a name="[17]"></a>DMA1_Channel3_IRQHandler</STRONG> (Thumb, 0 bytes, Stack size 0 bytes, startup_stm32f334x8.o(.text))
<BR>[Address Reference Count : 1]<UL><LI> startup_stm32f334x8.o(RESET)
</UL>
<P><STRONG><a name="[18]"></a>DMA1_Channel4_IRQHandler</STRONG> (Thumb, 0 bytes, Stack size 0 bytes, startup_stm32f334x8.o(.text))
<BR>[Address Reference Count : 1]<UL><LI> startup_stm32f334x8.o(RESET)
</UL>
<P><STRONG><a name="[19]"></a>DMA1_Channel5_IRQHandler</STRONG> (Thumb, 0 bytes, Stack size 0 bytes, startup_stm32f334x8.o(.text))
<BR>[Address Reference Count : 1]<UL><LI> startup_stm32f334x8.o(RESET)
</UL>
<P><STRONG><a name="[1a]"></a>DMA1_Channel6_IRQHandler</STRONG> (Thumb, 0 bytes, Stack size 0 bytes, startup_stm32f334x8.o(.text))
<BR>[Address Reference Count : 1]<UL><LI> startup_stm32f334x8.o(RESET)
</UL>
<P><STRONG><a name="[1b]"></a>DMA1_Channel7_IRQHandler</STRONG> (Thumb, 0 bytes, Stack size 0 bytes, startup_stm32f334x8.o(.text))
<BR>[Address Reference Count : 1]<UL><LI> startup_stm32f334x8.o(RESET)
</UL>
<P><STRONG><a name="[2e]"></a>EXTI15_10_IRQHandler</STRONG> (Thumb, 0 bytes, Stack size 0 bytes, startup_stm32f334x8.o(.text))
<BR>[Address Reference Count : 1]<UL><LI> startup_stm32f334x8.o(RESET)
</UL>
<P><STRONG><a name="[11]"></a>EXTI1_IRQHandler</STRONG> (Thumb, 0 bytes, Stack size 0 bytes, startup_stm32f334x8.o(.text))
<BR>[Address Reference Count : 1]<UL><LI> startup_stm32f334x8.o(RESET)
</UL>
<P><STRONG><a name="[12]"></a>EXTI2_TS_IRQHandler</STRONG> (Thumb, 0 bytes, Stack size 0 bytes, startup_stm32f334x8.o(.text))
<BR>[Address Reference Count : 1]<UL><LI> startup_stm32f334x8.o(RESET)
</UL>
<P><STRONG><a name="[13]"></a>EXTI3_IRQHandler</STRONG> (Thumb, 0 bytes, Stack size 0 bytes, startup_stm32f334x8.o(.text))
<BR>[Address Reference Count : 1]<UL><LI> startup_stm32f334x8.o(RESET)
</UL>
<P><STRONG><a name="[14]"></a>EXTI4_IRQHandler</STRONG> (Thumb, 0 bytes, Stack size 0 bytes, startup_stm32f334x8.o(.text))
<BR>[Address Reference Count : 1]<UL><LI> startup_stm32f334x8.o(RESET)
</UL>
<P><STRONG><a name="[21]"></a>EXTI9_5_IRQHandler</STRONG> (Thumb, 0 bytes, Stack size 0 bytes, startup_stm32f334x8.o(.text))
<BR>[Address Reference Count : 1]<UL><LI> startup_stm32f334x8.o(RESET)
</UL>
<P><STRONG><a name="[e]"></a>FLASH_IRQHandler</STRONG> (Thumb, 0 bytes, Stack size 0 bytes, startup_stm32f334x8.o(.text))
<BR>[Address Reference Count : 1]<UL><LI> startup_stm32f334x8.o(RESET)
</UL>
<P><STRONG><a name="[3b]"></a>FPU_IRQHandler</STRONG> (Thumb, 0 bytes, Stack size 0 bytes, startup_stm32f334x8.o(.text))
<BR>[Address Reference Count : 1]<UL><LI> startup_stm32f334x8.o(RESET)
</UL>
<P><STRONG><a name="[3a]"></a>HRTIM1_FLT_IRQHandler</STRONG> (Thumb, 0 bytes, Stack size 0 bytes, startup_stm32f334x8.o(.text))
<BR>[Address Reference Count : 1]<UL><LI> startup_stm32f334x8.o(RESET)
</UL>
<P><STRONG><a name="[35]"></a>HRTIM1_TIMA_IRQHandler</STRONG> (Thumb, 0 bytes, Stack size 0 bytes, startup_stm32f334x8.o(.text))
<BR>[Address Reference Count : 1]<UL><LI> startup_stm32f334x8.o(RESET)
</UL>
<P><STRONG><a name="[36]"></a>HRTIM1_TIMB_IRQHandler</STRONG> (Thumb, 0 bytes, Stack size 0 bytes, startup_stm32f334x8.o(.text))
<BR>[Address Reference Count : 1]<UL><LI> startup_stm32f334x8.o(RESET)
</UL>
<P><STRONG><a name="[37]"></a>HRTIM1_TIMC_IRQHandler</STRONG> (Thumb, 0 bytes, Stack size 0 bytes, startup_stm32f334x8.o(.text))
<BR>[Address Reference Count : 1]<UL><LI> startup_stm32f334x8.o(RESET)
</UL>
<P><STRONG><a name="[38]"></a>HRTIM1_TIMD_IRQHandler</STRONG> (Thumb, 0 bytes, Stack size 0 bytes, startup_stm32f334x8.o(.text))
<BR>[Address Reference Count : 1]<UL><LI> startup_stm32f334x8.o(RESET)
</UL>
<P><STRONG><a name="[39]"></a>HRTIM1_TIME_IRQHandler</STRONG> (Thumb, 0 bytes, Stack size 0 bytes, startup_stm32f334x8.o(.text))
<BR>[Address Reference Count : 1]<UL><LI> startup_stm32f334x8.o(RESET)
</UL>
<P><STRONG><a name="[29]"></a>I2C1_ER_IRQHandler</STRONG> (Thumb, 0 bytes, Stack size 0 bytes, startup_stm32f334x8.o(.text))
<BR>[Address Reference Count : 1]<UL><LI> startup_stm32f334x8.o(RESET)
</UL>
<P><STRONG><a name="[28]"></a>I2C1_EV_IRQHandler</STRONG> (Thumb, 0 bytes, Stack size 0 bytes, startup_stm32f334x8.o(.text))
<BR>[Address Reference Count : 1]<UL><LI> startup_stm32f334x8.o(RESET)
</UL>
<P><STRONG><a name="[b]"></a>PVD_IRQHandler</STRONG> (Thumb, 0 bytes, Stack size 0 bytes, startup_stm32f334x8.o(.text))
<BR>[Address Reference Count : 1]<UL><LI> startup_stm32f334x8.o(RESET)
</UL>
<P><STRONG><a name="[f]"></a>RCC_IRQHandler</STRONG> (Thumb, 0 bytes, Stack size 0 bytes, startup_stm32f334x8.o(.text))
<BR>[Address Reference Count : 1]<UL><LI> startup_stm32f334x8.o(RESET)
</UL>
<P><STRONG><a name="[2f]"></a>RTC_Alarm_IRQHandler</STRONG> (Thumb, 0 bytes, Stack size 0 bytes, startup_stm32f334x8.o(.text))
<BR>[Address Reference Count : 1]<UL><LI> startup_stm32f334x8.o(RESET)
</UL>
<P><STRONG><a name="[d]"></a>RTC_WKUP_IRQHandler</STRONG> (Thumb, 0 bytes, Stack size 0 bytes, startup_stm32f334x8.o(.text))
<BR>[Address Reference Count : 1]<UL><LI> startup_stm32f334x8.o(RESET)
</UL>
<P><STRONG><a name="[2a]"></a>SPI1_IRQHandler</STRONG> (Thumb, 0 bytes, Stack size 0 bytes, startup_stm32f334x8.o(.text))
<BR>[Address Reference Count : 1]<UL><LI> startup_stm32f334x8.o(RESET)
</UL>
<P><STRONG><a name="[c]"></a>TAMPER_STAMP_IRQHandler</STRONG> (Thumb, 0 bytes, Stack size 0 bytes, startup_stm32f334x8.o(.text))
<BR>[Address Reference Count : 1]<UL><LI> startup_stm32f334x8.o(RESET)
</UL>
<P><STRONG><a name="[22]"></a>TIM1_BRK_TIM15_IRQHandler</STRONG> (Thumb, 0 bytes, Stack size 0 bytes, startup_stm32f334x8.o(.text))
<BR>[Address Reference Count : 1]<UL><LI> startup_stm32f334x8.o(RESET)
</UL>
<P><STRONG><a name="[25]"></a>TIM1_CC_IRQHandler</STRONG> (Thumb, 0 bytes, Stack size 0 bytes, startup_stm32f334x8.o(.text))
<BR>[Address Reference Count : 1]<UL><LI> startup_stm32f334x8.o(RESET)
</UL>
<P><STRONG><a name="[24]"></a>TIM1_TRG_COM_TIM17_IRQHandler</STRONG> (Thumb, 0 bytes, Stack size 0 bytes, startup_stm32f334x8.o(.text))
<BR>[Address Reference Count : 1]<UL><LI> startup_stm32f334x8.o(RESET)
</UL>
<P><STRONG><a name="[23]"></a>TIM1_UP_TIM16_IRQHandler</STRONG> (Thumb, 0 bytes, Stack size 0 bytes, startup_stm32f334x8.o(.text))
<BR>[Address Reference Count : 1]<UL><LI> startup_stm32f334x8.o(RESET)
</UL>
<P><STRONG><a name="[26]"></a>TIM2_IRQHandler</STRONG> (Thumb, 0 bytes, Stack size 0 bytes, startup_stm32f334x8.o(.text))
<BR>[Address Reference Count : 1]<UL><LI> startup_stm32f334x8.o(RESET)
</UL>
<P><STRONG><a name="[27]"></a>TIM3_IRQHandler</STRONG> (Thumb, 0 bytes, Stack size 0 bytes, startup_stm32f334x8.o(.text))
<BR>[Address Reference Count : 1]<UL><LI> startup_stm32f334x8.o(RESET)
</UL>
<P><STRONG><a name="[30]"></a>TIM6_DAC1_IRQHandler</STRONG> (Thumb, 0 bytes, Stack size 0 bytes, startup_stm32f334x8.o(.text))
<BR>[Address Reference Count : 1]<UL><LI> startup_stm32f334x8.o(RESET)
</UL>
<P><STRONG><a name="[31]"></a>TIM7_DAC2_IRQHandler</STRONG> (Thumb, 0 bytes, Stack size 0 bytes, startup_stm32f334x8.o(.text))
<BR>[Address Reference Count : 1]<UL><LI> startup_stm32f334x8.o(RESET)
</UL>
<P><STRONG><a name="[2b]"></a>USART1_IRQHandler</STRONG> (Thumb, 0 bytes, Stack size 0 bytes, startup_stm32f334x8.o(.text))
<BR>[Address Reference Count : 1]<UL><LI> startup_stm32f334x8.o(RESET)
</UL>
<P><STRONG><a name="[2c]"></a>USART2_IRQHandler</STRONG> (Thumb, 0 bytes, Stack size 0 bytes, startup_stm32f334x8.o(.text))
<BR>[Address Reference Count : 1]<UL><LI> startup_stm32f334x8.o(RESET)
</UL>
<P><STRONG><a name="[2d]"></a>USART3_IRQHandler</STRONG> (Thumb, 0 bytes, Stack size 0 bytes, startup_stm32f334x8.o(.text))
<BR>[Address Reference Count : 1]<UL><LI> startup_stm32f334x8.o(RESET)
</UL>
<P><STRONG><a name="[a]"></a>WWDG_IRQHandler</STRONG> (Thumb, 0 bytes, Stack size 0 bytes, startup_stm32f334x8.o(.text))
<BR>[Address Reference Count : 1]<UL><LI> startup_stm32f334x8.o(RESET)
</UL>
<P><STRONG><a name="[42]"></a>__aeabi_memset</STRONG> (Thumb, 14 bytes, Stack size 0 bytes, memseta.o(.text), UNUSED)
<BR><BR>[Called By]<UL><LI><a href="#[43]">&gt;&gt;</a>&nbsp;&nbsp;&nbsp;_memset$wrapper
<LI><a href="#[41]">&gt;&gt;</a>&nbsp;&nbsp;&nbsp;__aeabi_memclr
</UL>

<P><STRONG><a name="[a6]"></a>__aeabi_memset4</STRONG> (Thumb, 0 bytes, Stack size 0 bytes, memseta.o(.text), UNUSED)

<P><STRONG><a name="[a7]"></a>__aeabi_memset8</STRONG> (Thumb, 0 bytes, Stack size 0 bytes, memseta.o(.text), UNUSED)

<P><STRONG><a name="[41]"></a>__aeabi_memclr</STRONG> (Thumb, 4 bytes, Stack size 0 bytes, memseta.o(.text), UNUSED)
<BR><BR>[Calls]<UL><LI><a href="#[42]">&gt;&gt;</a>&nbsp;&nbsp;&nbsp;__aeabi_memset
</UL>

<P><STRONG><a name="[91]"></a>__aeabi_memclr4</STRONG> (Thumb, 0 bytes, Stack size 0 bytes, memseta.o(.text))
<BR><BR>[Called By]<UL><LI><a href="#[90]">&gt;&gt;</a>&nbsp;&nbsp;&nbsp;my_pwm_init
</UL>

<P><STRONG><a name="[a8]"></a>__aeabi_memclr8</STRONG> (Thumb, 0 bytes, Stack size 0 bytes, memseta.o(.text), UNUSED)

<P><STRONG><a name="[43]"></a>_memset$wrapper</STRONG> (Thumb, 18 bytes, Stack size 8 bytes, memseta.o(.text), UNUSED)
<BR><BR>[Calls]<UL><LI><a href="#[42]">&gt;&gt;</a>&nbsp;&nbsp;&nbsp;__aeabi_memset
</UL>

<P><STRONG><a name="[44]"></a>__aeabi_dmul</STRONG> (Thumb, 228 bytes, Stack size 48 bytes, dmul.o(.text))
<BR><BR>[Stack]<UL><LI>Max Depth = 88<LI>Call Chain = __aeabi_dmul &rArr; _double_epilogue &rArr; _double_round
</UL>
<BR>[Calls]<UL><LI><a href="#[45]">&gt;&gt;</a>&nbsp;&nbsp;&nbsp;_double_epilogue
</UL>
<BR>[Called By]<UL><LI><a href="#[90]">&gt;&gt;</a>&nbsp;&nbsp;&nbsp;my_pwm_init
</UL>

<P><STRONG><a name="[46]"></a>__aeabi_ui2d</STRONG> (Thumb, 26 bytes, Stack size 16 bytes, dfltui.o(.text))
<BR><BR>[Stack]<UL><LI>Max Depth = 56<LI>Call Chain = __aeabi_ui2d &rArr; _double_epilogue &rArr; _double_round
</UL>
<BR>[Calls]<UL><LI><a href="#[45]">&gt;&gt;</a>&nbsp;&nbsp;&nbsp;_double_epilogue
</UL>
<BR>[Called By]<UL><LI><a href="#[90]">&gt;&gt;</a>&nbsp;&nbsp;&nbsp;my_pwm_init
</UL>

<P><STRONG><a name="[47]"></a>__aeabi_d2uiz</STRONG> (Thumb, 50 bytes, Stack size 8 bytes, dfixui.o(.text))
<BR><BR>[Stack]<UL><LI>Max Depth = 8<LI>Call Chain = __aeabi_d2uiz
</UL>
<BR>[Calls]<UL><LI><a href="#[48]">&gt;&gt;</a>&nbsp;&nbsp;&nbsp;__aeabi_llsr
</UL>
<BR>[Called By]<UL><LI><a href="#[90]">&gt;&gt;</a>&nbsp;&nbsp;&nbsp;my_pwm_init
</UL>

<P><STRONG><a name="[49]"></a>__aeabi_llsl</STRONG> (Thumb, 30 bytes, Stack size 0 bytes, llshl.o(.text))
<BR><BR>[Called By]<UL><LI><a href="#[45]">&gt;&gt;</a>&nbsp;&nbsp;&nbsp;_double_epilogue
</UL>

<P><STRONG><a name="[a9]"></a>_ll_shift_l</STRONG> (Thumb, 0 bytes, Stack size 0 bytes, llshl.o(.text), UNUSED)

<P><STRONG><a name="[48]"></a>__aeabi_llsr</STRONG> (Thumb, 32 bytes, Stack size 0 bytes, llushr.o(.text))
<BR><BR>[Called By]<UL><LI><a href="#[47]">&gt;&gt;</a>&nbsp;&nbsp;&nbsp;__aeabi_d2uiz
<LI><a href="#[45]">&gt;&gt;</a>&nbsp;&nbsp;&nbsp;_double_epilogue
</UL>

<P><STRONG><a name="[aa]"></a>_ll_ushift_r</STRONG> (Thumb, 0 bytes, Stack size 0 bytes, llushr.o(.text), UNUSED)

<P><STRONG><a name="[ab]"></a>__I$use$fp</STRONG> (Thumb, 0 bytes, Stack size 8 bytes, iusefp.o(.text), UNUSED)

<P><STRONG><a name="[4a]"></a>_double_round</STRONG> (Thumb, 30 bytes, Stack size 8 bytes, depilogue.o(.text))
<BR><BR>[Stack]<UL><LI>Max Depth = 8<LI>Call Chain = _double_round
</UL>
<BR>[Called By]<UL><LI><a href="#[45]">&gt;&gt;</a>&nbsp;&nbsp;&nbsp;_double_epilogue
</UL>

<P><STRONG><a name="[45]"></a>_double_epilogue</STRONG> (Thumb, 156 bytes, Stack size 32 bytes, depilogue.o(.text))
<BR><BR>[Stack]<UL><LI>Max Depth = 40<LI>Call Chain = _double_epilogue &rArr; _double_round
</UL>
<BR>[Calls]<UL><LI><a href="#[48]">&gt;&gt;</a>&nbsp;&nbsp;&nbsp;__aeabi_llsr
<LI><a href="#[49]">&gt;&gt;</a>&nbsp;&nbsp;&nbsp;__aeabi_llsl
<LI><a href="#[4a]">&gt;&gt;</a>&nbsp;&nbsp;&nbsp;_double_round
</UL>
<BR>[Called By]<UL><LI><a href="#[46]">&gt;&gt;</a>&nbsp;&nbsp;&nbsp;__aeabi_ui2d
<LI><a href="#[44]">&gt;&gt;</a>&nbsp;&nbsp;&nbsp;__aeabi_dmul
</UL>

<P><STRONG><a name="[40]"></a>__scatterload</STRONG> (Thumb, 28 bytes, Stack size 0 bytes, init.o(.text))
<BR><BR>[Calls]<UL><LI><a href="#[4b]">&gt;&gt;</a>&nbsp;&nbsp;&nbsp;__main_after_scatterload
</UL>
<BR>[Called By]<UL><LI><a href="#[3f]">&gt;&gt;</a>&nbsp;&nbsp;&nbsp;_main_scatterload
</UL>

<P><STRONG><a name="[ac]"></a>__scatterload_rt2</STRONG> (Thumb, 0 bytes, Stack size 0 bytes, init.o(.text), UNUSED)

<P><STRONG><a name="[8a]"></a>ADC_Cmd</STRONG> (Thumb, 22 bytes, Stack size 0 bytes, stm32f30x_adc.o(i.ADC_Cmd))
<BR><BR>[Called By]<UL><LI><a href="#[79]">&gt;&gt;</a>&nbsp;&nbsp;&nbsp;my_adc_init
</UL>

<P><STRONG><a name="[85]"></a>ADC_CommonInit</STRONG> (Thumb, 82 bytes, Stack size 8 bytes, stm32f30x_adc.o(i.ADC_CommonInit))
<BR><BR>[Stack]<UL><LI>Max Depth = 8<LI>Call Chain = ADC_CommonInit
</UL>
<BR>[Called By]<UL><LI><a href="#[79]">&gt;&gt;</a>&nbsp;&nbsp;&nbsp;my_adc_init
</UL>

<P><STRONG><a name="[89]"></a>ADC_DMACmd</STRONG> (Thumb, 22 bytes, Stack size 0 bytes, stm32f30x_adc.o(i.ADC_DMACmd))
<BR><BR>[Called By]<UL><LI><a href="#[79]">&gt;&gt;</a>&nbsp;&nbsp;&nbsp;my_adc_init
</UL>

<P><STRONG><a name="[87]"></a>ADC_DMAConfig</STRONG> (Thumb, 16 bytes, Stack size 0 bytes, stm32f30x_adc.o(i.ADC_DMAConfig))
<BR><BR>[Called By]<UL><LI><a href="#[79]">&gt;&gt;</a>&nbsp;&nbsp;&nbsp;my_adc_init
</UL>

<P><STRONG><a name="[4c]"></a>ADC_DeInit</STRONG> (Thumb, 68 bytes, Stack size 8 bytes, stm32f30x_adc.o(i.ADC_DeInit))
<BR><BR>[Stack]<UL><LI>Max Depth = 8<LI>Call Chain = ADC_DeInit
</UL>
<BR>[Calls]<UL><LI><a href="#[4d]">&gt;&gt;</a>&nbsp;&nbsp;&nbsp;RCC_AHBPeriphResetCmd
</UL>
<BR>[Called By]<UL><LI><a href="#[79]">&gt;&gt;</a>&nbsp;&nbsp;&nbsp;my_adc_init
</UL>

<P><STRONG><a name="[84]"></a>ADC_GetCalibrationStatus</STRONG> (Thumb, 20 bytes, Stack size 0 bytes, stm32f30x_adc.o(i.ADC_GetCalibrationStatus))
<BR><BR>[Called By]<UL><LI><a href="#[79]">&gt;&gt;</a>&nbsp;&nbsp;&nbsp;my_adc_init
</UL>

<P><STRONG><a name="[8b]"></a>ADC_GetFlagStatus</STRONG> (Thumb, 18 bytes, Stack size 0 bytes, stm32f30x_adc.o(i.ADC_GetFlagStatus))
<BR><BR>[Called By]<UL><LI><a href="#[79]">&gt;&gt;</a>&nbsp;&nbsp;&nbsp;my_adc_init
</UL>

<P><STRONG><a name="[86]"></a>ADC_Init</STRONG> (Thumb, 58 bytes, Stack size 8 bytes, stm32f30x_adc.o(i.ADC_Init))
<BR><BR>[Stack]<UL><LI>Max Depth = 8<LI>Call Chain = ADC_Init
</UL>
<BR>[Called By]<UL><LI><a href="#[79]">&gt;&gt;</a>&nbsp;&nbsp;&nbsp;my_adc_init
</UL>

<P><STRONG><a name="[88]"></a>ADC_RegularChannelConfig</STRONG> (Thumb, 250 bytes, Stack size 20 bytes, stm32f30x_adc.o(i.ADC_RegularChannelConfig))
<BR><BR>[Stack]<UL><LI>Max Depth = 20<LI>Call Chain = ADC_RegularChannelConfig
</UL>
<BR>[Called By]<UL><LI><a href="#[79]">&gt;&gt;</a>&nbsp;&nbsp;&nbsp;my_adc_init
</UL>

<P><STRONG><a name="[82]"></a>ADC_SelectCalibrationMode</STRONG> (Thumb, 16 bytes, Stack size 0 bytes, stm32f30x_adc.o(i.ADC_SelectCalibrationMode))
<BR><BR>[Called By]<UL><LI><a href="#[79]">&gt;&gt;</a>&nbsp;&nbsp;&nbsp;my_adc_init
</UL>

<P><STRONG><a name="[83]"></a>ADC_StartCalibration</STRONG> (Thumb, 10 bytes, Stack size 0 bytes, stm32f30x_adc.o(i.ADC_StartCalibration))
<BR><BR>[Called By]<UL><LI><a href="#[79]">&gt;&gt;</a>&nbsp;&nbsp;&nbsp;my_adc_init
</UL>

<P><STRONG><a name="[8c]"></a>ADC_StartConversion</STRONG> (Thumb, 10 bytes, Stack size 0 bytes, stm32f30x_adc.o(i.ADC_StartConversion))
<BR><BR>[Called By]<UL><LI><a href="#[79]">&gt;&gt;</a>&nbsp;&nbsp;&nbsp;my_adc_init
</UL>

<P><STRONG><a name="[81]"></a>ADC_VoltageRegulatorCmd</STRONG> (Thumb, 30 bytes, Stack size 0 bytes, stm32f30x_adc.o(i.ADC_VoltageRegulatorCmd))
<BR><BR>[Called By]<UL><LI><a href="#[79]">&gt;&gt;</a>&nbsp;&nbsp;&nbsp;my_adc_init
</UL>

<P><STRONG><a name="[4]"></a>BusFault_Handler</STRONG> (Thumb, 4 bytes, Stack size 0 bytes, stm32f3xx_it.o(i.BusFault_Handler))
<BR>[Address Reference Count : 1]<UL><LI> startup_stm32f334x8.o(RESET)
</UL>
<P><STRONG><a name="[80]"></a>DMA_Cmd</STRONG> (Thumb, 24 bytes, Stack size 0 bytes, stm32f30x_dma.o(i.DMA_Cmd))
<BR><BR>[Called By]<UL><LI><a href="#[79]">&gt;&gt;</a>&nbsp;&nbsp;&nbsp;my_adc_init
</UL>

<P><STRONG><a name="[7d]"></a>DMA_DeInit</STRONG> (Thumb, 324 bytes, Stack size 0 bytes, stm32f30x_dma.o(i.DMA_DeInit))
<BR><BR>[Called By]<UL><LI><a href="#[79]">&gt;&gt;</a>&nbsp;&nbsp;&nbsp;my_adc_init
</UL>

<P><STRONG><a name="[7f]"></a>DMA_Init</STRONG> (Thumb, 60 bytes, Stack size 8 bytes, stm32f30x_dma.o(i.DMA_Init))
<BR><BR>[Stack]<UL><LI>Max Depth = 8<LI>Call Chain = DMA_Init
</UL>
<BR>[Called By]<UL><LI><a href="#[79]">&gt;&gt;</a>&nbsp;&nbsp;&nbsp;my_adc_init
</UL>

<P><STRONG><a name="[7e]"></a>DMA_StructInit</STRONG> (Thumb, 26 bytes, Stack size 0 bytes, stm32f30x_dma.o(i.DMA_StructInit))
<BR><BR>[Called By]<UL><LI><a href="#[79]">&gt;&gt;</a>&nbsp;&nbsp;&nbsp;my_adc_init
</UL>

<P><STRONG><a name="[7]"></a>DebugMon_Handler</STRONG> (Thumb, 2 bytes, Stack size 0 bytes, stm32f3xx_it.o(i.DebugMon_Handler))
<BR>[Address Reference Count : 1]<UL><LI> startup_stm32f334x8.o(RESET)
</UL>
<P><STRONG><a name="[10]"></a>EXTI0_IRQHandler</STRONG> (Thumb, 2 bytes, Stack size 0 bytes, stm32f3xx_it.o(i.EXTI0_IRQHandler))
<BR>[Address Reference Count : 1]<UL><LI> startup_stm32f334x8.o(RESET)
</UL>
<P><STRONG><a name="[5f]"></a>GPIO_Init</STRONG> (Thumb, 150 bytes, Stack size 20 bytes, stm32f30x_gpio.o(i.GPIO_Init))
<BR><BR>[Stack]<UL><LI>Max Depth = 20<LI>Call Chain = GPIO_Init
</UL>
<BR>[Called By]<UL><LI><a href="#[90]">&gt;&gt;</a>&nbsp;&nbsp;&nbsp;my_pwm_init
<LI><a href="#[79]">&gt;&gt;</a>&nbsp;&nbsp;&nbsp;my_adc_init
<LI><a href="#[66]">&gt;&gt;</a>&nbsp;&nbsp;&nbsp;OLED_Init
<LI><a href="#[63]">&gt;&gt;</a>&nbsp;&nbsp;&nbsp;LED_Init
<LI><a href="#[5e]">&gt;&gt;</a>&nbsp;&nbsp;&nbsp;KEY_Init
</UL>

<P><STRONG><a name="[95]"></a>GPIO_PinAFConfig</STRONG> (Thumb, 70 bytes, Stack size 20 bytes, stm32f30x_gpio.o(i.GPIO_PinAFConfig))
<BR><BR>[Stack]<UL><LI>Max Depth = 20<LI>Call Chain = GPIO_PinAFConfig
</UL>
<BR>[Called By]<UL><LI><a href="#[90]">&gt;&gt;</a>&nbsp;&nbsp;&nbsp;my_pwm_init
</UL>

<P><STRONG><a name="[61]"></a>GPIO_ReadInputDataBit</STRONG> (Thumb, 18 bytes, Stack size 0 bytes, stm32f30x_gpio.o(i.GPIO_ReadInputDataBit))
<BR><BR>[Called By]<UL><LI><a href="#[60]">&gt;&gt;</a>&nbsp;&nbsp;&nbsp;KEY_Scan
</UL>

<P><STRONG><a name="[5b]"></a>GPIO_ResetBits</STRONG> (Thumb, 4 bytes, Stack size 0 bytes, stm32f30x_gpio.o(i.GPIO_ResetBits))
<BR><BR>[Called By]<UL><LI><a href="#[72]">&gt;&gt;</a>&nbsp;&nbsp;&nbsp;Write_IIC_Byte
<LI><a href="#[5d]">&gt;&gt;</a>&nbsp;&nbsp;&nbsp;IIC_Wait_Ack
<LI><a href="#[5c]">&gt;&gt;</a>&nbsp;&nbsp;&nbsp;IIC_Stop
<LI><a href="#[59]">&gt;&gt;</a>&nbsp;&nbsp;&nbsp;IIC_Start
</UL>

<P><STRONG><a name="[5a]"></a>GPIO_SetBits</STRONG> (Thumb, 4 bytes, Stack size 0 bytes, stm32f30x_gpio.o(i.GPIO_SetBits))
<BR><BR>[Called By]<UL><LI><a href="#[72]">&gt;&gt;</a>&nbsp;&nbsp;&nbsp;Write_IIC_Byte
<LI><a href="#[5d]">&gt;&gt;</a>&nbsp;&nbsp;&nbsp;IIC_Wait_Ack
<LI><a href="#[5c]">&gt;&gt;</a>&nbsp;&nbsp;&nbsp;IIC_Stop
<LI><a href="#[59]">&gt;&gt;</a>&nbsp;&nbsp;&nbsp;IIC_Start
<LI><a href="#[66]">&gt;&gt;</a>&nbsp;&nbsp;&nbsp;OLED_Init
</UL>

<P><STRONG><a name="[34]"></a>HRTIM1_Master_IRQHandler</STRONG> (Thumb, 218 bytes, Stack size 8 bytes, main.o(i.HRTIM1_Master_IRQHandler))
<BR><BR>[Stack]<UL><LI>Max Depth = 32<LI>Call Chain = HRTIM1_Master_IRQHandler &rArr; my_pwm_update &rArr; HRTIM_SlaveSetCompare
</UL>
<BR>[Calls]<UL><LI><a href="#[51]">&gt;&gt;</a>&nbsp;&nbsp;&nbsp;my_pwm_update
<LI><a href="#[4f]">&gt;&gt;</a>&nbsp;&nbsp;&nbsp;get_middle_num_adc
<LI><a href="#[4e]">&gt;&gt;</a>&nbsp;&nbsp;&nbsp;PWM_ClearITPendingBit
<LI><a href="#[50]">&gt;&gt;</a>&nbsp;&nbsp;&nbsp;IncPIDCal
</UL>
<BR>[Address Reference Count : 1]<UL><LI> startup_stm32f334x8.o(RESET)
</UL>
<P><STRONG><a name="[9a]"></a>HRTIM_ADCTriggerConfig</STRONG> (Thumb, 114 bytes, Stack size 12 bytes, stm32f30x_hrtim.o(i.HRTIM_ADCTriggerConfig))
<BR><BR>[Stack]<UL><LI>Max Depth = 12<LI>Call Chain = HRTIM_ADCTriggerConfig
</UL>
<BR>[Called By]<UL><LI><a href="#[90]">&gt;&gt;</a>&nbsp;&nbsp;&nbsp;my_pwm_init
</UL>

<P><STRONG><a name="[6f]"></a>HRTIM_ClearITPendingBit</STRONG> (Thumb, 62 bytes, Stack size 8 bytes, stm32f30x_hrtim.o(i.HRTIM_ClearITPendingBit))
<BR><BR>[Stack]<UL><LI>Max Depth = 8<LI>Call Chain = HRTIM_ClearITPendingBit
</UL>
<BR>[Called By]<UL><LI><a href="#[4e]">&gt;&gt;</a>&nbsp;&nbsp;&nbsp;PWM_ClearITPendingBit
</UL>

<P><STRONG><a name="[93]"></a>HRTIM_DLLCalibrationStart</STRONG> (Thumb, 40 bytes, Stack size 0 bytes, stm32f30x_hrtim.o(i.HRTIM_DLLCalibrationStart))
<BR><BR>[Called By]<UL><LI><a href="#[90]">&gt;&gt;</a>&nbsp;&nbsp;&nbsp;my_pwm_init
</UL>

<P><STRONG><a name="[97]"></a>HRTIM_DeadTimeConfig</STRONG> (Thumb, 70 bytes, Stack size 8 bytes, stm32f30x_hrtim.o(i.HRTIM_DeadTimeConfig))
<BR><BR>[Stack]<UL><LI>Max Depth = 8<LI>Call Chain = HRTIM_DeadTimeConfig
</UL>
<BR>[Called By]<UL><LI><a href="#[90]">&gt;&gt;</a>&nbsp;&nbsp;&nbsp;my_pwm_init
</UL>

<P><STRONG><a name="[94]"></a>HRTIM_GetCommonFlagStatus</STRONG> (Thumb, 22 bytes, Stack size 0 bytes, stm32f30x_hrtim.o(i.HRTIM_GetCommonFlagStatus))
<BR><BR>[Called By]<UL><LI><a href="#[90]">&gt;&gt;</a>&nbsp;&nbsp;&nbsp;my_pwm_init
</UL>

<P><STRONG><a name="[9c]"></a>HRTIM_ITConfig</STRONG> (Thumb, 98 bytes, Stack size 12 bytes, stm32f30x_hrtim.o(i.HRTIM_ITConfig))
<BR><BR>[Stack]<UL><LI>Max Depth = 12<LI>Call Chain = HRTIM_ITConfig
</UL>
<BR>[Called By]<UL><LI><a href="#[90]">&gt;&gt;</a>&nbsp;&nbsp;&nbsp;my_pwm_init
</UL>

<P><STRONG><a name="[98]"></a>HRTIM_MasterSetCompare</STRONG> (Thumb, 40 bytes, Stack size 0 bytes, stm32f30x_hrtim.o(i.HRTIM_MasterSetCompare))
<BR><BR>[Called By]<UL><LI><a href="#[90]">&gt;&gt;</a>&nbsp;&nbsp;&nbsp;my_pwm_init
</UL>

<P><STRONG><a name="[99]"></a>HRTIM_SlaveSetCompare</STRONG> (Thumb, 74 bytes, Stack size 8 bytes, stm32f30x_hrtim.o(i.HRTIM_SlaveSetCompare))
<BR><BR>[Stack]<UL><LI>Max Depth = 8<LI>Call Chain = HRTIM_SlaveSetCompare
</UL>
<BR>[Called By]<UL><LI><a href="#[51]">&gt;&gt;</a>&nbsp;&nbsp;&nbsp;my_pwm_update
<LI><a href="#[90]">&gt;&gt;</a>&nbsp;&nbsp;&nbsp;my_pwm_init
</UL>

<P><STRONG><a name="[9d]"></a>HRTIM_WaveformCounterStart</STRONG> (Thumb, 8 bytes, Stack size 0 bytes, stm32f30x_hrtim.o(i.HRTIM_WaveformCounterStart))
<BR><BR>[Called By]<UL><LI><a href="#[90]">&gt;&gt;</a>&nbsp;&nbsp;&nbsp;my_pwm_init
</UL>

<P><STRONG><a name="[52]"></a>HRTIM_WaveformOutputConfig</STRONG> (Thumb, 28 bytes, Stack size 24 bytes, stm32f30x_hrtim.o(i.HRTIM_WaveformOutputConfig))
<BR><BR>[Stack]<UL><LI>Max Depth = 44<LI>Call Chain = HRTIM_WaveformOutputConfig &rArr; HRTIM_OutputConfig
</UL>
<BR>[Calls]<UL><LI><a href="#[53]">&gt;&gt;</a>&nbsp;&nbsp;&nbsp;HRTIM_OutputConfig
</UL>
<BR>[Called By]<UL><LI><a href="#[90]">&gt;&gt;</a>&nbsp;&nbsp;&nbsp;my_pwm_init
</UL>

<P><STRONG><a name="[9e]"></a>HRTIM_WaveformOutputStart</STRONG> (Thumb, 8 bytes, Stack size 0 bytes, stm32f30x_hrtim.o(i.HRTIM_WaveformOutputStart))
<BR><BR>[Called By]<UL><LI><a href="#[90]">&gt;&gt;</a>&nbsp;&nbsp;&nbsp;my_pwm_init
</UL>

<P><STRONG><a name="[96]"></a>HRTIM_WaveformTimerConfig</STRONG> (Thumb, 146 bytes, Stack size 20 bytes, stm32f30x_hrtim.o(i.HRTIM_WaveformTimerConfig))
<BR><BR>[Stack]<UL><LI>Max Depth = 20<LI>Call Chain = HRTIM_WaveformTimerConfig
</UL>
<BR>[Called By]<UL><LI><a href="#[90]">&gt;&gt;</a>&nbsp;&nbsp;&nbsp;my_pwm_init
</UL>

<P><STRONG><a name="[54]"></a>HRTIM_Waveform_Init</STRONG> (Thumb, 58 bytes, Stack size 24 bytes, stm32f30x_hrtim.o(i.HRTIM_Waveform_Init))
<BR><BR>[Stack]<UL><LI>Max Depth = 36<LI>Call Chain = HRTIM_Waveform_Init &rArr; HRTIM_TimingUnitWaveform_Config
</UL>
<BR>[Calls]<UL><LI><a href="#[58]">&gt;&gt;</a>&nbsp;&nbsp;&nbsp;HRTIM_TimingUnitWaveform_Config
<LI><a href="#[57]">&gt;&gt;</a>&nbsp;&nbsp;&nbsp;HRTIM_TimingUnitBase_Config
<LI><a href="#[56]">&gt;&gt;</a>&nbsp;&nbsp;&nbsp;HRTIM_MasterWaveform_Config
<LI><a href="#[55]">&gt;&gt;</a>&nbsp;&nbsp;&nbsp;HRTIM_MasterBase_Config
</UL>
<BR>[Called By]<UL><LI><a href="#[90]">&gt;&gt;</a>&nbsp;&nbsp;&nbsp;my_pwm_init
</UL>

<P><STRONG><a name="[2]"></a>HardFault_Handler</STRONG> (Thumb, 4 bytes, Stack size 0 bytes, stm32f3xx_it.o(i.HardFault_Handler))
<BR>[Address Reference Count : 1]<UL><LI> startup_stm32f334x8.o(RESET)
</UL>
<P><STRONG><a name="[59]"></a>IIC_Start</STRONG> (Thumb, 44 bytes, Stack size 8 bytes, oled.o(i.IIC_Start))
<BR><BR>[Stack]<UL><LI>Max Depth = 8<LI>Call Chain = IIC_Start
</UL>
<BR>[Calls]<UL><LI><a href="#[5a]">&gt;&gt;</a>&nbsp;&nbsp;&nbsp;GPIO_SetBits
<LI><a href="#[5b]">&gt;&gt;</a>&nbsp;&nbsp;&nbsp;GPIO_ResetBits
</UL>
<BR>[Called By]<UL><LI><a href="#[6d]">&gt;&gt;</a>&nbsp;&nbsp;&nbsp;Write_IIC_Data
<LI><a href="#[6e]">&gt;&gt;</a>&nbsp;&nbsp;&nbsp;Write_IIC_Command
</UL>

<P><STRONG><a name="[5c]"></a>IIC_Stop</STRONG> (Thumb, 34 bytes, Stack size 8 bytes, oled.o(i.IIC_Stop))
<BR><BR>[Stack]<UL><LI>Max Depth = 8<LI>Call Chain = IIC_Stop
</UL>
<BR>[Calls]<UL><LI><a href="#[5a]">&gt;&gt;</a>&nbsp;&nbsp;&nbsp;GPIO_SetBits
<LI><a href="#[5b]">&gt;&gt;</a>&nbsp;&nbsp;&nbsp;GPIO_ResetBits
</UL>
<BR>[Called By]<UL><LI><a href="#[6d]">&gt;&gt;</a>&nbsp;&nbsp;&nbsp;Write_IIC_Data
<LI><a href="#[6e]">&gt;&gt;</a>&nbsp;&nbsp;&nbsp;Write_IIC_Command
</UL>

<P><STRONG><a name="[5d]"></a>IIC_Wait_Ack</STRONG> (Thumb, 24 bytes, Stack size 8 bytes, oled.o(i.IIC_Wait_Ack))
<BR><BR>[Stack]<UL><LI>Max Depth = 8<LI>Call Chain = IIC_Wait_Ack
</UL>
<BR>[Calls]<UL><LI><a href="#[5a]">&gt;&gt;</a>&nbsp;&nbsp;&nbsp;GPIO_SetBits
<LI><a href="#[5b]">&gt;&gt;</a>&nbsp;&nbsp;&nbsp;GPIO_ResetBits
</UL>
<BR>[Called By]<UL><LI><a href="#[6d]">&gt;&gt;</a>&nbsp;&nbsp;&nbsp;Write_IIC_Data
<LI><a href="#[6e]">&gt;&gt;</a>&nbsp;&nbsp;&nbsp;Write_IIC_Command
</UL>

<P><STRONG><a name="[50]"></a>IncPIDCal</STRONG> (Thumb, 130 bytes, Stack size 0 bytes, pid_yyds.o(i.IncPIDCal))
<BR><BR>[Called By]<UL><LI><a href="#[34]">&gt;&gt;</a>&nbsp;&nbsp;&nbsp;HRTIM1_Master_IRQHandler
</UL>

<P><STRONG><a name="[5e]"></a>KEY_Init</STRONG> (Thumb, 94 bytes, Stack size 16 bytes, key.o(i.KEY_Init))
<BR><BR>[Stack]<UL><LI>Max Depth = 36<LI>Call Chain = KEY_Init &rArr; GPIO_Init
</UL>
<BR>[Calls]<UL><LI><a href="#[5f]">&gt;&gt;</a>&nbsp;&nbsp;&nbsp;GPIO_Init
</UL>
<BR>[Called By]<UL><LI><a href="#[73]">&gt;&gt;</a>&nbsp;&nbsp;&nbsp;my_board_init
</UL>

<P><STRONG><a name="[60]"></a>KEY_Scan</STRONG> (Thumb, 90 bytes, Stack size 8 bytes, key.o(i.KEY_Scan))
<BR><BR>[Stack]<UL><LI>Max Depth = 16<LI>Call Chain = KEY_Scan &rArr; delay_ms
</UL>
<BR>[Calls]<UL><LI><a href="#[62]">&gt;&gt;</a>&nbsp;&nbsp;&nbsp;delay_ms
<LI><a href="#[61]">&gt;&gt;</a>&nbsp;&nbsp;&nbsp;GPIO_ReadInputDataBit
</UL>
<BR>[Called By]<UL><LI><a href="#[74]">&gt;&gt;</a>&nbsp;&nbsp;&nbsp;main_circle_func
</UL>

<P><STRONG><a name="[63]"></a>LED_Init</STRONG> (Thumb, 118 bytes, Stack size 16 bytes, dr_led.o(i.LED_Init))
<BR><BR>[Stack]<UL><LI>Max Depth = 36<LI>Call Chain = LED_Init &rArr; GPIO_Init
</UL>
<BR>[Calls]<UL><LI><a href="#[5f]">&gt;&gt;</a>&nbsp;&nbsp;&nbsp;GPIO_Init
</UL>
<BR>[Called By]<UL><LI><a href="#[73]">&gt;&gt;</a>&nbsp;&nbsp;&nbsp;my_board_init
</UL>

<P><STRONG><a name="[3]"></a>MemManage_Handler</STRONG> (Thumb, 4 bytes, Stack size 0 bytes, stm32f3xx_it.o(i.MemManage_Handler))
<BR>[Address Reference Count : 1]<UL><LI> startup_stm32f334x8.o(RESET)
</UL>
<P><STRONG><a name="[1]"></a>NMI_Handler</STRONG> (Thumb, 2 bytes, Stack size 0 bytes, stm32f3xx_it.o(i.NMI_Handler))
<BR>[Address Reference Count : 1]<UL><LI> startup_stm32f334x8.o(RESET)
</UL>
<P><STRONG><a name="[9b]"></a>NVIC_Init</STRONG> (Thumb, 100 bytes, Stack size 16 bytes, stm32f30x_misc.o(i.NVIC_Init))
<BR><BR>[Stack]<UL><LI>Max Depth = 16<LI>Call Chain = NVIC_Init
</UL>
<BR>[Called By]<UL><LI><a href="#[90]">&gt;&gt;</a>&nbsp;&nbsp;&nbsp;my_pwm_init
</UL>

<P><STRONG><a name="[64]"></a>OLED_Clear</STRONG> (Thumb, 62 bytes, Stack size 16 bytes, oled.o(i.OLED_Clear))
<BR><BR>[Stack]<UL><LI>Max Depth = 64<LI>Call Chain = OLED_Clear &rArr; OLED_WR_Byte &rArr; Write_IIC_Data &rArr; Write_IIC_Byte
</UL>
<BR>[Calls]<UL><LI><a href="#[65]">&gt;&gt;</a>&nbsp;&nbsp;&nbsp;OLED_WR_Byte
</UL>
<BR>[Called By]<UL><LI><a href="#[73]">&gt;&gt;</a>&nbsp;&nbsp;&nbsp;my_board_init
</UL>

<P><STRONG><a name="[66]"></a>OLED_Init</STRONG> (Thumb, 276 bytes, Stack size 16 bytes, oled.o(i.OLED_Init))
<BR><BR>[Stack]<UL><LI>Max Depth = 64<LI>Call Chain = OLED_Init &rArr; OLED_WR_Byte &rArr; Write_IIC_Data &rArr; Write_IIC_Byte
</UL>
<BR>[Calls]<UL><LI><a href="#[5a]">&gt;&gt;</a>&nbsp;&nbsp;&nbsp;GPIO_SetBits
<LI><a href="#[65]">&gt;&gt;</a>&nbsp;&nbsp;&nbsp;OLED_WR_Byte
<LI><a href="#[5f]">&gt;&gt;</a>&nbsp;&nbsp;&nbsp;GPIO_Init
<LI><a href="#[62]">&gt;&gt;</a>&nbsp;&nbsp;&nbsp;delay_ms
</UL>
<BR>[Called By]<UL><LI><a href="#[73]">&gt;&gt;</a>&nbsp;&nbsp;&nbsp;my_board_init
</UL>

<P><STRONG><a name="[67]"></a>OLED_Set_Pos</STRONG> (Thumb, 40 bytes, Stack size 16 bytes, oled.o(i.OLED_Set_Pos))
<BR><BR>[Stack]<UL><LI>Max Depth = 64<LI>Call Chain = OLED_Set_Pos &rArr; OLED_WR_Byte &rArr; Write_IIC_Data &rArr; Write_IIC_Byte
</UL>
<BR>[Calls]<UL><LI><a href="#[65]">&gt;&gt;</a>&nbsp;&nbsp;&nbsp;OLED_WR_Byte
</UL>
<BR>[Called By]<UL><LI><a href="#[68]">&gt;&gt;</a>&nbsp;&nbsp;&nbsp;OLED_ShowChar
</UL>

<P><STRONG><a name="[68]"></a>OLED_ShowChar</STRONG> (Thumb, 154 bytes, Stack size 32 bytes, oled.o(i.OLED_ShowChar))
<BR><BR>[Stack]<UL><LI>Max Depth = 96<LI>Call Chain = OLED_ShowChar &rArr; OLED_Set_Pos &rArr; OLED_WR_Byte &rArr; Write_IIC_Data &rArr; Write_IIC_Byte
</UL>
<BR>[Calls]<UL><LI><a href="#[65]">&gt;&gt;</a>&nbsp;&nbsp;&nbsp;OLED_WR_Byte
<LI><a href="#[67]">&gt;&gt;</a>&nbsp;&nbsp;&nbsp;OLED_Set_Pos
</UL>
<BR>[Called By]<UL><LI><a href="#[6b]">&gt;&gt;</a>&nbsp;&nbsp;&nbsp;OLED_ShowNum_0
<LI><a href="#[69]">&gt;&gt;</a>&nbsp;&nbsp;&nbsp;OLED_ShowNum
<LI><a href="#[6c]">&gt;&gt;</a>&nbsp;&nbsp;&nbsp;OLED_ShowNumf
</UL>

<P><STRONG><a name="[69]"></a>OLED_ShowNum</STRONG> (Thumb, 140 bytes, Stack size 56 bytes, oled.o(i.OLED_ShowNum))
<BR><BR>[Stack]<UL><LI>Max Depth = 152<LI>Call Chain = OLED_ShowNum &rArr; OLED_ShowChar &rArr; OLED_Set_Pos &rArr; OLED_WR_Byte &rArr; Write_IIC_Data &rArr; Write_IIC_Byte
</UL>
<BR>[Calls]<UL><LI><a href="#[6a]">&gt;&gt;</a>&nbsp;&nbsp;&nbsp;oled_pow
<LI><a href="#[68]">&gt;&gt;</a>&nbsp;&nbsp;&nbsp;OLED_ShowChar
</UL>
<BR>[Called By]<UL><LI><a href="#[6c]">&gt;&gt;</a>&nbsp;&nbsp;&nbsp;OLED_ShowNumf
</UL>

<P><STRONG><a name="[6b]"></a>OLED_ShowNum_0</STRONG> (Thumb, 136 bytes, Stack size 56 bytes, oled.o(i.OLED_ShowNum_0))
<BR><BR>[Stack]<UL><LI>Max Depth = 152<LI>Call Chain = OLED_ShowNum_0 &rArr; OLED_ShowChar &rArr; OLED_Set_Pos &rArr; OLED_WR_Byte &rArr; Write_IIC_Data &rArr; Write_IIC_Byte
</UL>
<BR>[Calls]<UL><LI><a href="#[6a]">&gt;&gt;</a>&nbsp;&nbsp;&nbsp;oled_pow
<LI><a href="#[68]">&gt;&gt;</a>&nbsp;&nbsp;&nbsp;OLED_ShowChar
</UL>
<BR>[Called By]<UL><LI><a href="#[6c]">&gt;&gt;</a>&nbsp;&nbsp;&nbsp;OLED_ShowNumf
</UL>

<P><STRONG><a name="[6c]"></a>OLED_ShowNumf</STRONG> (Thumb, 236 bytes, Stack size 80 bytes, oled.o(i.OLED_ShowNumf))
<BR><BR>[Stack]<UL><LI>Max Depth = 232<LI>Call Chain = OLED_ShowNumf &rArr; OLED_ShowNum_0 &rArr; OLED_ShowChar &rArr; OLED_Set_Pos &rArr; OLED_WR_Byte &rArr; Write_IIC_Data &rArr; Write_IIC_Byte
</UL>
<BR>[Calls]<UL><LI><a href="#[6b]">&gt;&gt;</a>&nbsp;&nbsp;&nbsp;OLED_ShowNum_0
<LI><a href="#[69]">&gt;&gt;</a>&nbsp;&nbsp;&nbsp;OLED_ShowNum
<LI><a href="#[68]">&gt;&gt;</a>&nbsp;&nbsp;&nbsp;OLED_ShowChar
</UL>
<BR>[Called By]<UL><LI><a href="#[74]">&gt;&gt;</a>&nbsp;&nbsp;&nbsp;main_circle_func
</UL>

<P><STRONG><a name="[65]"></a>OLED_WR_Byte</STRONG> (Thumb, 24 bytes, Stack size 16 bytes, oled.o(i.OLED_WR_Byte))
<BR><BR>[Stack]<UL><LI>Max Depth = 48<LI>Call Chain = OLED_WR_Byte &rArr; Write_IIC_Data &rArr; Write_IIC_Byte
</UL>
<BR>[Calls]<UL><LI><a href="#[6d]">&gt;&gt;</a>&nbsp;&nbsp;&nbsp;Write_IIC_Data
<LI><a href="#[6e]">&gt;&gt;</a>&nbsp;&nbsp;&nbsp;Write_IIC_Command
</UL>
<BR>[Called By]<UL><LI><a href="#[68]">&gt;&gt;</a>&nbsp;&nbsp;&nbsp;OLED_ShowChar
<LI><a href="#[67]">&gt;&gt;</a>&nbsp;&nbsp;&nbsp;OLED_Set_Pos
<LI><a href="#[66]">&gt;&gt;</a>&nbsp;&nbsp;&nbsp;OLED_Init
<LI><a href="#[64]">&gt;&gt;</a>&nbsp;&nbsp;&nbsp;OLED_Clear
</UL>

<P><STRONG><a name="[8f]"></a>PI_Init</STRONG> (Thumb, 18 bytes, Stack size 0 bytes, pid_yyds.o(i.PI_Init))
<BR><BR>[Called By]<UL><LI><a href="#[73]">&gt;&gt;</a>&nbsp;&nbsp;&nbsp;my_board_init
</UL>

<P><STRONG><a name="[8e]"></a>PI_clc</STRONG> (Thumb, 50 bytes, Stack size 0 bytes, pid_yyds.o(i.PI_clc))
<BR><BR>[Called By]<UL><LI><a href="#[73]">&gt;&gt;</a>&nbsp;&nbsp;&nbsp;my_board_init
</UL>

<P><STRONG><a name="[4e]"></a>PWM_ClearITPendingBit</STRONG> (Thumb, 14 bytes, Stack size 8 bytes, my_board.o(i.PWM_ClearITPendingBit))
<BR><BR>[Stack]<UL><LI>Max Depth = 16<LI>Call Chain = PWM_ClearITPendingBit &rArr; HRTIM_ClearITPendingBit
</UL>
<BR>[Calls]<UL><LI><a href="#[6f]">&gt;&gt;</a>&nbsp;&nbsp;&nbsp;HRTIM_ClearITPendingBit
</UL>
<BR>[Called By]<UL><LI><a href="#[34]">&gt;&gt;</a>&nbsp;&nbsp;&nbsp;HRTIM1_Master_IRQHandler
</UL>

<P><STRONG><a name="[8]"></a>PendSV_Handler</STRONG> (Thumb, 2 bytes, Stack size 0 bytes, stm32f3xx_it.o(i.PendSV_Handler))
<BR>[Address Reference Count : 1]<UL><LI> startup_stm32f334x8.o(RESET)
</UL>
<P><STRONG><a name="[7a]"></a>RCC_ADCCLKConfig</STRONG> (Thumb, 44 bytes, Stack size 0 bytes, stm32f30x_rcc.o(i.RCC_ADCCLKConfig))
<BR><BR>[Called By]<UL><LI><a href="#[79]">&gt;&gt;</a>&nbsp;&nbsp;&nbsp;my_adc_init
</UL>

<P><STRONG><a name="[7b]"></a>RCC_AHBPeriphClockCmd</STRONG> (Thumb, 26 bytes, Stack size 0 bytes, stm32f30x_rcc.o(i.RCC_AHBPeriphClockCmd))
<BR><BR>[Called By]<UL><LI><a href="#[8d]">&gt;&gt;</a>&nbsp;&nbsp;&nbsp;my_system_config
<LI><a href="#[79]">&gt;&gt;</a>&nbsp;&nbsp;&nbsp;my_adc_init
</UL>

<P><STRONG><a name="[4d]"></a>RCC_AHBPeriphResetCmd</STRONG> (Thumb, 26 bytes, Stack size 0 bytes, stm32f30x_rcc.o(i.RCC_AHBPeriphResetCmd))
<BR><BR>[Called By]<UL><LI><a href="#[4c]">&gt;&gt;</a>&nbsp;&nbsp;&nbsp;ADC_DeInit
</UL>

<P><STRONG><a name="[7c]"></a>RCC_APB2PeriphClockCmd</STRONG> (Thumb, 26 bytes, Stack size 0 bytes, stm32f30x_rcc.o(i.RCC_APB2PeriphClockCmd))
<BR><BR>[Called By]<UL><LI><a href="#[90]">&gt;&gt;</a>&nbsp;&nbsp;&nbsp;my_pwm_init
<LI><a href="#[79]">&gt;&gt;</a>&nbsp;&nbsp;&nbsp;my_adc_init
</UL>

<P><STRONG><a name="[92]"></a>RCC_HRTIM1CLKConfig</STRONG> (Thumb, 22 bytes, Stack size 0 bytes, stm32f30x_rcc.o(i.RCC_HRTIM1CLKConfig))
<BR><BR>[Called By]<UL><LI><a href="#[90]">&gt;&gt;</a>&nbsp;&nbsp;&nbsp;my_pwm_init
</UL>

<P><STRONG><a name="[6]"></a>SVC_Handler</STRONG> (Thumb, 2 bytes, Stack size 0 bytes, stm32f3xx_it.o(i.SVC_Handler))
<BR>[Address Reference Count : 1]<UL><LI> startup_stm32f334x8.o(RESET)
</UL>
<P><STRONG><a name="[9]"></a>SysTick_Handler</STRONG> (Thumb, 8 bytes, Stack size 8 bytes, stm32f3xx_it.o(i.SysTick_Handler))
<BR><BR>[Stack]<UL><LI>Max Depth = 8<LI>Call Chain = SysTick_Handler
</UL>
<BR>[Calls]<UL><LI><a href="#[70]">&gt;&gt;</a>&nbsp;&nbsp;&nbsp;TimingDelay_Decrement
</UL>
<BR>[Address Reference Count : 1]<UL><LI> startup_stm32f334x8.o(RESET)
</UL>
<P><STRONG><a name="[3d]"></a>SystemInit</STRONG> (Thumb, 112 bytes, Stack size 8 bytes, system_stm32f30x.o(i.SystemInit))
<BR><BR>[Stack]<UL><LI>Max Depth = 20<LI>Call Chain = SystemInit &rArr; SetSysClock
</UL>
<BR>[Calls]<UL><LI><a href="#[71]">&gt;&gt;</a>&nbsp;&nbsp;&nbsp;SetSysClock
</UL>
<BR>[Address Reference Count : 1]<UL><LI> startup_stm32f334x8.o(.text)
</UL>
<P><STRONG><a name="[70]"></a>TimingDelay_Decrement</STRONG> (Thumb, 18 bytes, Stack size 0 bytes, system_stm32f30x.o(i.TimingDelay_Decrement))
<BR><BR>[Called By]<UL><LI><a href="#[9]">&gt;&gt;</a>&nbsp;&nbsp;&nbsp;SysTick_Handler
</UL>

<P><STRONG><a name="[5]"></a>UsageFault_Handler</STRONG> (Thumb, 4 bytes, Stack size 0 bytes, stm32f3xx_it.o(i.UsageFault_Handler))
<BR>[Address Reference Count : 1]<UL><LI> startup_stm32f334x8.o(RESET)
</UL>
<P><STRONG><a name="[72]"></a>Write_IIC_Byte</STRONG> (Thumb, 88 bytes, Stack size 24 bytes, oled.o(i.Write_IIC_Byte))
<BR><BR>[Stack]<UL><LI>Max Depth = 24<LI>Call Chain = Write_IIC_Byte
</UL>
<BR>[Calls]<UL><LI><a href="#[5a]">&gt;&gt;</a>&nbsp;&nbsp;&nbsp;GPIO_SetBits
<LI><a href="#[5b]">&gt;&gt;</a>&nbsp;&nbsp;&nbsp;GPIO_ResetBits
</UL>
<BR>[Called By]<UL><LI><a href="#[6d]">&gt;&gt;</a>&nbsp;&nbsp;&nbsp;Write_IIC_Data
<LI><a href="#[6e]">&gt;&gt;</a>&nbsp;&nbsp;&nbsp;Write_IIC_Command
</UL>

<P><STRONG><a name="[6e]"></a>Write_IIC_Command</STRONG> (Thumb, 44 bytes, Stack size 8 bytes, oled.o(i.Write_IIC_Command))
<BR><BR>[Stack]<UL><LI>Max Depth = 32<LI>Call Chain = Write_IIC_Command &rArr; Write_IIC_Byte
</UL>
<BR>[Calls]<UL><LI><a href="#[72]">&gt;&gt;</a>&nbsp;&nbsp;&nbsp;Write_IIC_Byte
<LI><a href="#[5d]">&gt;&gt;</a>&nbsp;&nbsp;&nbsp;IIC_Wait_Ack
<LI><a href="#[5c]">&gt;&gt;</a>&nbsp;&nbsp;&nbsp;IIC_Stop
<LI><a href="#[59]">&gt;&gt;</a>&nbsp;&nbsp;&nbsp;IIC_Start
</UL>
<BR>[Called By]<UL><LI><a href="#[65]">&gt;&gt;</a>&nbsp;&nbsp;&nbsp;OLED_WR_Byte
</UL>

<P><STRONG><a name="[6d]"></a>Write_IIC_Data</STRONG> (Thumb, 44 bytes, Stack size 8 bytes, oled.o(i.Write_IIC_Data))
<BR><BR>[Stack]<UL><LI>Max Depth = 32<LI>Call Chain = Write_IIC_Data &rArr; Write_IIC_Byte
</UL>
<BR>[Calls]<UL><LI><a href="#[72]">&gt;&gt;</a>&nbsp;&nbsp;&nbsp;Write_IIC_Byte
<LI><a href="#[5d]">&gt;&gt;</a>&nbsp;&nbsp;&nbsp;IIC_Wait_Ack
<LI><a href="#[5c]">&gt;&gt;</a>&nbsp;&nbsp;&nbsp;IIC_Stop
<LI><a href="#[59]">&gt;&gt;</a>&nbsp;&nbsp;&nbsp;IIC_Start
</UL>
<BR>[Called By]<UL><LI><a href="#[65]">&gt;&gt;</a>&nbsp;&nbsp;&nbsp;OLED_WR_Byte
</UL>

<P><STRONG><a name="[ad]"></a>__scatterload_copy</STRONG> (Thumb, 14 bytes, Stack size unknown bytes, handlers.o(i.__scatterload_copy), UNUSED)

<P><STRONG><a name="[ae]"></a>__scatterload_null</STRONG> (Thumb, 2 bytes, Stack size unknown bytes, handlers.o(i.__scatterload_null), UNUSED)

<P><STRONG><a name="[af]"></a>__scatterload_zeroinit</STRONG> (Thumb, 14 bytes, Stack size unknown bytes, handlers.o(i.__scatterload_zeroinit), UNUSED)

<P><STRONG><a name="[62]"></a>delay_ms</STRONG> (Thumb, 20 bytes, Stack size 8 bytes, system_stm32f30x.o(i.delay_ms))
<BR><BR>[Stack]<UL><LI>Max Depth = 8<LI>Call Chain = delay_ms
</UL>
<BR>[Called By]<UL><LI><a href="#[79]">&gt;&gt;</a>&nbsp;&nbsp;&nbsp;my_adc_init
<LI><a href="#[66]">&gt;&gt;</a>&nbsp;&nbsp;&nbsp;OLED_Init
<LI><a href="#[60]">&gt;&gt;</a>&nbsp;&nbsp;&nbsp;KEY_Scan
<LI><a href="#[73]">&gt;&gt;</a>&nbsp;&nbsp;&nbsp;my_board_init
<LI><a href="#[74]">&gt;&gt;</a>&nbsp;&nbsp;&nbsp;main_circle_func
</UL>

<P><STRONG><a name="[4f]"></a>get_middle_num_adc</STRONG> (Thumb, 46 bytes, Stack size 0 bytes, my_board.o(i.get_middle_num_adc))
<BR><BR>[Called By]<UL><LI><a href="#[34]">&gt;&gt;</a>&nbsp;&nbsp;&nbsp;HRTIM1_Master_IRQHandler
</UL>

<P><STRONG><a name="[76]"></a>led1_off</STRONG> (Thumb, 10 bytes, Stack size 0 bytes, dr_led.o(i.led1_off))
<BR><BR>[Called By]<UL><LI><a href="#[74]">&gt;&gt;</a>&nbsp;&nbsp;&nbsp;main_circle_func
</UL>

<P><STRONG><a name="[75]"></a>led1_on</STRONG> (Thumb, 10 bytes, Stack size 0 bytes, dr_led.o(i.led1_on))
<BR><BR>[Called By]<UL><LI><a href="#[74]">&gt;&gt;</a>&nbsp;&nbsp;&nbsp;main_circle_func
</UL>

<P><STRONG><a name="[78]"></a>led2_off</STRONG> (Thumb, 10 bytes, Stack size 0 bytes, dr_led.o(i.led2_off))
<BR><BR>[Called By]<UL><LI><a href="#[74]">&gt;&gt;</a>&nbsp;&nbsp;&nbsp;main_circle_func
</UL>

<P><STRONG><a name="[77]"></a>led2_on</STRONG> (Thumb, 10 bytes, Stack size 0 bytes, dr_led.o(i.led2_on))
<BR><BR>[Called By]<UL><LI><a href="#[74]">&gt;&gt;</a>&nbsp;&nbsp;&nbsp;main_circle_func
</UL>

<P><STRONG><a name="[3c]"></a>main</STRONG> (Thumb, 12 bytes, Stack size 0 bytes, my_board.o(i.main))
<BR><BR>[Stack]<UL><LI>Max Depth = 312<LI>Call Chain = main &rArr; my_board_init &rArr; my_pwm_init &rArr; __aeabi_dmul &rArr; _double_epilogue &rArr; _double_round
</UL>
<BR>[Calls]<UL><LI><a href="#[73]">&gt;&gt;</a>&nbsp;&nbsp;&nbsp;my_board_init
<LI><a href="#[74]">&gt;&gt;</a>&nbsp;&nbsp;&nbsp;main_circle_func
</UL>
<BR>[Address Reference Count : 1]<UL><LI> entry9a.o(.ARM.Collect$$$$0000000B)
</UL>
<P><STRONG><a name="[74]"></a>main_circle_func</STRONG> (Thumb, 266 bytes, Stack size 8 bytes, main.o(i.main_circle_func))
<BR><BR>[Stack]<UL><LI>Max Depth = 240<LI>Call Chain = main_circle_func &rArr; OLED_ShowNumf &rArr; OLED_ShowNum_0 &rArr; OLED_ShowChar &rArr; OLED_Set_Pos &rArr; OLED_WR_Byte &rArr; Write_IIC_Data &rArr; Write_IIC_Byte
</UL>
<BR>[Calls]<UL><LI><a href="#[77]">&gt;&gt;</a>&nbsp;&nbsp;&nbsp;led2_on
<LI><a href="#[78]">&gt;&gt;</a>&nbsp;&nbsp;&nbsp;led2_off
<LI><a href="#[75]">&gt;&gt;</a>&nbsp;&nbsp;&nbsp;led1_on
<LI><a href="#[76]">&gt;&gt;</a>&nbsp;&nbsp;&nbsp;led1_off
<LI><a href="#[62]">&gt;&gt;</a>&nbsp;&nbsp;&nbsp;delay_ms
<LI><a href="#[6c]">&gt;&gt;</a>&nbsp;&nbsp;&nbsp;OLED_ShowNumf
<LI><a href="#[60]">&gt;&gt;</a>&nbsp;&nbsp;&nbsp;KEY_Scan
</UL>
<BR>[Called By]<UL><LI><a href="#[3c]">&gt;&gt;</a>&nbsp;&nbsp;&nbsp;main
</UL>

<P><STRONG><a name="[79]"></a>my_adc_init</STRONG> (Thumb, 1048 bytes, Stack size 112 bytes, my_board.o(i.my_adc_init))
<BR><BR>[Stack]<UL><LI>Max Depth = 132<LI>Call Chain = my_adc_init &rArr; GPIO_Init
</UL>
<BR>[Calls]<UL><LI><a href="#[7c]">&gt;&gt;</a>&nbsp;&nbsp;&nbsp;RCC_APB2PeriphClockCmd
<LI><a href="#[7b]">&gt;&gt;</a>&nbsp;&nbsp;&nbsp;RCC_AHBPeriphClockCmd
<LI><a href="#[7a]">&gt;&gt;</a>&nbsp;&nbsp;&nbsp;RCC_ADCCLKConfig
<LI><a href="#[5f]">&gt;&gt;</a>&nbsp;&nbsp;&nbsp;GPIO_Init
<LI><a href="#[7e]">&gt;&gt;</a>&nbsp;&nbsp;&nbsp;DMA_StructInit
<LI><a href="#[7f]">&gt;&gt;</a>&nbsp;&nbsp;&nbsp;DMA_Init
<LI><a href="#[7d]">&gt;&gt;</a>&nbsp;&nbsp;&nbsp;DMA_DeInit
<LI><a href="#[80]">&gt;&gt;</a>&nbsp;&nbsp;&nbsp;DMA_Cmd
<LI><a href="#[81]">&gt;&gt;</a>&nbsp;&nbsp;&nbsp;ADC_VoltageRegulatorCmd
<LI><a href="#[8c]">&gt;&gt;</a>&nbsp;&nbsp;&nbsp;ADC_StartConversion
<LI><a href="#[83]">&gt;&gt;</a>&nbsp;&nbsp;&nbsp;ADC_StartCalibration
<LI><a href="#[82]">&gt;&gt;</a>&nbsp;&nbsp;&nbsp;ADC_SelectCalibrationMode
<LI><a href="#[88]">&gt;&gt;</a>&nbsp;&nbsp;&nbsp;ADC_RegularChannelConfig
<LI><a href="#[86]">&gt;&gt;</a>&nbsp;&nbsp;&nbsp;ADC_Init
<LI><a href="#[8b]">&gt;&gt;</a>&nbsp;&nbsp;&nbsp;ADC_GetFlagStatus
<LI><a href="#[84]">&gt;&gt;</a>&nbsp;&nbsp;&nbsp;ADC_GetCalibrationStatus
<LI><a href="#[4c]">&gt;&gt;</a>&nbsp;&nbsp;&nbsp;ADC_DeInit
<LI><a href="#[87]">&gt;&gt;</a>&nbsp;&nbsp;&nbsp;ADC_DMAConfig
<LI><a href="#[89]">&gt;&gt;</a>&nbsp;&nbsp;&nbsp;ADC_DMACmd
<LI><a href="#[85]">&gt;&gt;</a>&nbsp;&nbsp;&nbsp;ADC_CommonInit
<LI><a href="#[8a]">&gt;&gt;</a>&nbsp;&nbsp;&nbsp;ADC_Cmd
<LI><a href="#[62]">&gt;&gt;</a>&nbsp;&nbsp;&nbsp;delay_ms
</UL>
<BR>[Called By]<UL><LI><a href="#[73]">&gt;&gt;</a>&nbsp;&nbsp;&nbsp;my_board_init
</UL>

<P><STRONG><a name="[73]"></a>my_board_init</STRONG> (Thumb, 98 bytes, Stack size 8 bytes, main.o(i.my_board_init))
<BR><BR>[Stack]<UL><LI>Max Depth = 312<LI>Call Chain = my_board_init &rArr; my_pwm_init &rArr; __aeabi_dmul &rArr; _double_epilogue &rArr; _double_round
</UL>
<BR>[Calls]<UL><LI><a href="#[8d]">&gt;&gt;</a>&nbsp;&nbsp;&nbsp;my_system_config
<LI><a href="#[90]">&gt;&gt;</a>&nbsp;&nbsp;&nbsp;my_pwm_init
<LI><a href="#[79]">&gt;&gt;</a>&nbsp;&nbsp;&nbsp;my_adc_init
<LI><a href="#[62]">&gt;&gt;</a>&nbsp;&nbsp;&nbsp;delay_ms
<LI><a href="#[8e]">&gt;&gt;</a>&nbsp;&nbsp;&nbsp;PI_clc
<LI><a href="#[8f]">&gt;&gt;</a>&nbsp;&nbsp;&nbsp;PI_Init
<LI><a href="#[66]">&gt;&gt;</a>&nbsp;&nbsp;&nbsp;OLED_Init
<LI><a href="#[64]">&gt;&gt;</a>&nbsp;&nbsp;&nbsp;OLED_Clear
<LI><a href="#[63]">&gt;&gt;</a>&nbsp;&nbsp;&nbsp;LED_Init
<LI><a href="#[5e]">&gt;&gt;</a>&nbsp;&nbsp;&nbsp;KEY_Init
</UL>
<BR>[Called By]<UL><LI><a href="#[3c]">&gt;&gt;</a>&nbsp;&nbsp;&nbsp;main
</UL>

<P><STRONG><a name="[90]"></a>my_pwm_init</STRONG> (Thumb, 1858 bytes, Stack size 216 bytes, my_board.o(i.my_pwm_init))
<BR><BR>[Stack]<UL><LI>Max Depth = 304<LI>Call Chain = my_pwm_init &rArr; __aeabi_dmul &rArr; _double_epilogue &rArr; _double_round
</UL>
<BR>[Calls]<UL><LI><a href="#[46]">&gt;&gt;</a>&nbsp;&nbsp;&nbsp;__aeabi_ui2d
<LI><a href="#[47]">&gt;&gt;</a>&nbsp;&nbsp;&nbsp;__aeabi_d2uiz
<LI><a href="#[92]">&gt;&gt;</a>&nbsp;&nbsp;&nbsp;RCC_HRTIM1CLKConfig
<LI><a href="#[7c]">&gt;&gt;</a>&nbsp;&nbsp;&nbsp;RCC_APB2PeriphClockCmd
<LI><a href="#[9b]">&gt;&gt;</a>&nbsp;&nbsp;&nbsp;NVIC_Init
<LI><a href="#[54]">&gt;&gt;</a>&nbsp;&nbsp;&nbsp;HRTIM_Waveform_Init
<LI><a href="#[96]">&gt;&gt;</a>&nbsp;&nbsp;&nbsp;HRTIM_WaveformTimerConfig
<LI><a href="#[9e]">&gt;&gt;</a>&nbsp;&nbsp;&nbsp;HRTIM_WaveformOutputStart
<LI><a href="#[52]">&gt;&gt;</a>&nbsp;&nbsp;&nbsp;HRTIM_WaveformOutputConfig
<LI><a href="#[9d]">&gt;&gt;</a>&nbsp;&nbsp;&nbsp;HRTIM_WaveformCounterStart
<LI><a href="#[99]">&gt;&gt;</a>&nbsp;&nbsp;&nbsp;HRTIM_SlaveSetCompare
<LI><a href="#[98]">&gt;&gt;</a>&nbsp;&nbsp;&nbsp;HRTIM_MasterSetCompare
<LI><a href="#[9c]">&gt;&gt;</a>&nbsp;&nbsp;&nbsp;HRTIM_ITConfig
<LI><a href="#[94]">&gt;&gt;</a>&nbsp;&nbsp;&nbsp;HRTIM_GetCommonFlagStatus
<LI><a href="#[97]">&gt;&gt;</a>&nbsp;&nbsp;&nbsp;HRTIM_DeadTimeConfig
<LI><a href="#[93]">&gt;&gt;</a>&nbsp;&nbsp;&nbsp;HRTIM_DLLCalibrationStart
<LI><a href="#[9a]">&gt;&gt;</a>&nbsp;&nbsp;&nbsp;HRTIM_ADCTriggerConfig
<LI><a href="#[95]">&gt;&gt;</a>&nbsp;&nbsp;&nbsp;GPIO_PinAFConfig
<LI><a href="#[5f]">&gt;&gt;</a>&nbsp;&nbsp;&nbsp;GPIO_Init
<LI><a href="#[44]">&gt;&gt;</a>&nbsp;&nbsp;&nbsp;__aeabi_dmul
<LI><a href="#[91]">&gt;&gt;</a>&nbsp;&nbsp;&nbsp;__aeabi_memclr4
</UL>
<BR>[Called By]<UL><LI><a href="#[73]">&gt;&gt;</a>&nbsp;&nbsp;&nbsp;my_board_init
</UL>

<P><STRONG><a name="[51]"></a>my_pwm_update</STRONG> (Thumb, 130 bytes, Stack size 16 bytes, my_board.o(i.my_pwm_update))
<BR><BR>[Stack]<UL><LI>Max Depth = 24<LI>Call Chain = my_pwm_update &rArr; HRTIM_SlaveSetCompare
</UL>
<BR>[Calls]<UL><LI><a href="#[99]">&gt;&gt;</a>&nbsp;&nbsp;&nbsp;HRTIM_SlaveSetCompare
</UL>
<BR>[Called By]<UL><LI><a href="#[34]">&gt;&gt;</a>&nbsp;&nbsp;&nbsp;HRTIM1_Master_IRQHandler
</UL>

<P><STRONG><a name="[8d]"></a>my_system_config</STRONG> (Thumb, 114 bytes, Stack size 16 bytes, my_board.o(i.my_system_config))
<BR><BR>[Stack]<UL><LI>Max Depth = 16<LI>Call Chain = my_system_config
</UL>
<BR>[Calls]<UL><LI><a href="#[7b]">&gt;&gt;</a>&nbsp;&nbsp;&nbsp;RCC_AHBPeriphClockCmd
</UL>
<BR>[Called By]<UL><LI><a href="#[73]">&gt;&gt;</a>&nbsp;&nbsp;&nbsp;my_board_init
</UL>

<P><STRONG><a name="[6a]"></a>oled_pow</STRONG> (Thumb, 22 bytes, Stack size 8 bytes, oled.o(i.oled_pow))
<BR><BR>[Stack]<UL><LI>Max Depth = 8<LI>Call Chain = oled_pow
</UL>
<BR>[Called By]<UL><LI><a href="#[6b]">&gt;&gt;</a>&nbsp;&nbsp;&nbsp;OLED_ShowNum_0
<LI><a href="#[69]">&gt;&gt;</a>&nbsp;&nbsp;&nbsp;OLED_ShowNum
</UL>
<P>
<H3>
Local Symbols
</H3>
<P><STRONG><a name="[71]"></a>SetSysClock</STRONG> (Thumb, 188 bytes, Stack size 12 bytes, system_stm32f30x.o(i.SetSysClock))
<BR><BR>[Stack]<UL><LI>Max Depth = 12<LI>Call Chain = SetSysClock
</UL>
<BR>[Called By]<UL><LI><a href="#[3d]">&gt;&gt;</a>&nbsp;&nbsp;&nbsp;SystemInit
</UL>

<P><STRONG><a name="[55]"></a>HRTIM_MasterBase_Config</STRONG> (Thumb, 42 bytes, Stack size 0 bytes, stm32f30x_hrtim.o(i.HRTIM_MasterBase_Config))
<BR><BR>[Called By]<UL><LI><a href="#[54]">&gt;&gt;</a>&nbsp;&nbsp;&nbsp;HRTIM_Waveform_Init
</UL>

<P><STRONG><a name="[56]"></a>HRTIM_MasterWaveform_Config</STRONG> (Thumb, 88 bytes, Stack size 8 bytes, stm32f30x_hrtim.o(i.HRTIM_MasterWaveform_Config))
<BR><BR>[Stack]<UL><LI>Max Depth = 8<LI>Call Chain = HRTIM_MasterWaveform_Config
</UL>
<BR>[Called By]<UL><LI><a href="#[54]">&gt;&gt;</a>&nbsp;&nbsp;&nbsp;HRTIM_Waveform_Init
</UL>

<P><STRONG><a name="[53]"></a>HRTIM_OutputConfig</STRONG> (Thumb, 202 bytes, Stack size 20 bytes, stm32f30x_hrtim.o(i.HRTIM_OutputConfig))
<BR><BR>[Stack]<UL><LI>Max Depth = 20<LI>Call Chain = HRTIM_OutputConfig
</UL>
<BR>[Called By]<UL><LI><a href="#[52]">&gt;&gt;</a>&nbsp;&nbsp;&nbsp;HRTIM_WaveformOutputConfig
</UL>

<P><STRONG><a name="[57]"></a>HRTIM_TimingUnitBase_Config</STRONG> (Thumb, 124 bytes, Stack size 8 bytes, stm32f30x_hrtim.o(i.HRTIM_TimingUnitBase_Config))
<BR><BR>[Stack]<UL><LI>Max Depth = 8<LI>Call Chain = HRTIM_TimingUnitBase_Config
</UL>
<BR>[Called By]<UL><LI><a href="#[54]">&gt;&gt;</a>&nbsp;&nbsp;&nbsp;HRTIM_Waveform_Init
</UL>

<P><STRONG><a name="[58]"></a>HRTIM_TimingUnitWaveform_Config</STRONG> (Thumb, 182 bytes, Stack size 12 bytes, stm32f30x_hrtim.o(i.HRTIM_TimingUnitWaveform_Config))
<BR><BR>[Stack]<UL><LI>Max Depth = 12<LI>Call Chain = HRTIM_TimingUnitWaveform_Config
</UL>
<BR>[Called By]<UL><LI><a href="#[54]">&gt;&gt;</a>&nbsp;&nbsp;&nbsp;HRTIM_Waveform_Init
</UL>
<P>
<H3>
Undefined Global Symbols
</H3><HR></body></html>
